speak	Set up job	﻿2026-08-22T15:10:16.2950588Z Current runner version: '2.336.0'
speak	Set up job	2026-08-22T15:10:16.2977277Z ##[group]Runner Image Provisioner
speak	Set up job	2026-08-22T15:10:16.2978157Z Hosted Compute Agent
speak	Set up job	2026-08-22T15:10:16.2978818Z Version: 20260729.566
speak	Set up job	2026-08-22T15:10:16.2979468Z Commit: cf7153fe6e25b664e8693c24944bf2b00355d109
speak	Set up job	2026-08-22T15:10:16.2980196Z Build Date: 2026-07-29T19:17:02Z
speak	Set up job	2026-08-22T15:10:16.2980982Z Worker ID: {fed627f3-1166-4300-ac91-d595a968f011}
speak	Set up job	2026-08-22T15:10:16.2981696Z Azure Region: westus3
speak	Set up job	2026-08-22T15:10:16.2982255Z ##[endgroup]
speak	Set up job	2026-08-22T15:10:16.2984300Z ##[group]Operating System
speak	Set up job	2026-08-22T15:10:16.2985011Z Ubuntu
speak	Set up job	2026-08-22T15:10:16.2985654Z 24.04.4
speak	Set up job	2026-08-22T15:10:16.2986174Z LTS
speak	Set up job	2026-08-22T15:10:16.2987012Z ##[endgroup]
speak	Set up job	2026-08-22T15:10:16.2987675Z ##[group]Runner Image
speak	Set up job	2026-08-22T15:10:16.2988341Z Image: ubuntu-24.04
speak	Set up job	2026-08-22T15:10:16.2988945Z Version: 20260816.277.1
speak	Set up job	2026-08-22T15:10:16.2990055Z Included Software: https://github.com/actions/runner-images/blob/ubuntu24/20260816.277/images/ubuntu/Ubuntu2404-Readme.md
speak	Set up job	2026-08-22T15:10:16.2991896Z Image Release: https://github.com/actions/runner-images/releases/tag/ubuntu24%2F20260816.277
speak	Set up job	2026-08-22T15:10:16.2993114Z ##[endgroup]
speak	Set up job	2026-08-22T15:10:16.2994277Z ##[group]GITHUB_TOKEN Permissions
speak	Set up job	2026-08-22T15:10:16.2996179Z Contents: write
speak	Set up job	2026-08-22T15:10:16.2996908Z Metadata: read
speak	Set up job	2026-08-22T15:10:16.2997479Z ##[endgroup]
speak	Set up job	2026-08-22T15:10:16.2999585Z Secret source: Actions
speak	Set up job	2026-08-22T15:10:16.3000790Z Prepare workflow directory
speak	Set up job	2026-08-22T15:10:16.4766323Z Prepare all required actions
speak	Set up job	2026-08-22T15:10:16.4816410Z Getting action download info
speak	Set up job	2026-08-22T15:10:16.7432228Z Download action repository 'actions/checkout@v6' (SHA:d23441a48e516b6c34aea4fa41551a30e30af803)
speak	Set up job	2026-08-22T15:10:17.8566633Z Complete job name: speak
speak	Run actions/checkout@v6	﻿2026-08-22T15:10:18.0797328Z ##[group]Run actions/checkout@v6
speak	Run actions/checkout@v6	2026-08-22T15:10:18.0798363Z with:
speak	Run actions/checkout@v6	2026-08-22T15:10:18.0798850Z   ref: main
speak	Run actions/checkout@v6	2026-08-22T15:10:18.0799320Z   fetch-depth: 0
speak	Run actions/checkout@v6	2026-08-22T15:10:18.0799827Z   sparse-checkout: scripts
speak	Run actions/checkout@v6	room
speak	Run actions/checkout@v6	
speak	Run actions/checkout@v6	2026-08-22T15:10:18.0800466Z   sparse-checkout-cone-mode: true
speak	Run actions/checkout@v6	2026-08-22T15:10:18.0801070Z   repository: maaronfanberg-lab/me-
speak	Run actions/checkout@v6	2026-08-22T15:10:18.0805441Z   token: ***
speak	Run actions/checkout@v6	2026-08-22T15:10:18.0805930Z   ssh-strict: true
speak	Run actions/checkout@v6	2026-08-22T15:10:18.0806416Z   ssh-user: git
speak	Run actions/checkout@v6	2026-08-22T15:10:18.0806907Z   persist-credentials: true
speak	Run actions/checkout@v6	2026-08-22T15:10:18.0807443Z   clean: true
speak	Run actions/checkout@v6	2026-08-22T15:10:18.0807919Z   fetch-tags: false
speak	Run actions/checkout@v6	2026-08-22T15:10:18.0808414Z   show-progress: true
speak	Run actions/checkout@v6	2026-08-22T15:10:18.0808919Z   lfs: false
speak	Run actions/checkout@v6	2026-08-22T15:10:18.0809373Z   submodules: false
speak	Run actions/checkout@v6	2026-08-22T15:10:18.0809870Z   set-safe-directory: true
speak	Run actions/checkout@v6	2026-08-22T15:10:18.0810476Z   allow-unsafe-pr-checkout: false
speak	Run actions/checkout@v6	2026-08-22T15:10:18.0811321Z env:
speak	Run actions/checkout@v6	2026-08-22T15:10:18.0811974Z   ROOM_RELAY_URL: https://room-live-mirror.dfp6k69dw5.workers.dev
speak	Run actions/checkout@v6	2026-08-22T15:10:18.0813180Z   ROOM_MODEL_URL: 
speak	Run actions/checkout@v6	2026-08-22T15:10:18.0813689Z   ROOM_NODE_PROMPT: 
speak	Run actions/checkout@v6	2026-08-22T15:10:18.0814214Z ##[endgroup]
speak	Run actions/checkout@v6	2026-08-22T15:10:18.1876087Z Syncing repository: maaronfanberg-lab/me-
speak	Run actions/checkout@v6	2026-08-22T15:10:18.1879375Z ##[group]Getting Git version info
speak	Run actions/checkout@v6	2026-08-22T15:10:18.1880620Z Working directory is '/home/runner/work/me-/me-'
speak	Run actions/checkout@v6	2026-08-22T15:10:18.1882777Z [command]/usr/bin/git version
speak	Run actions/checkout@v6	2026-08-22T15:10:18.1929118Z git version 2.55.0
speak	Run actions/checkout@v6	2026-08-22T15:10:18.1954844Z ##[endgroup]
speak	Run actions/checkout@v6	2026-08-22T15:10:18.1971137Z Temporarily overriding HOME='/home/runner/work/_temp/8e53af67-1997-45f2-aea7-7695f73b8531' before making global git config changes
speak	Run actions/checkout@v6	2026-08-22T15:10:18.1974210Z Adding repository directory to the temporary git global config as a safe directory
speak	Run actions/checkout@v6	2026-08-22T15:10:18.1977695Z [command]/usr/bin/git config --global --add safe.directory /home/runner/work/me-/me-
speak	Run actions/checkout@v6	2026-08-22T15:10:18.2029271Z Deleting the contents of '/home/runner/work/me-/me-'
speak	Run actions/checkout@v6	2026-08-22T15:10:18.2034227Z ##[group]Determining repository object format
speak	Run actions/checkout@v6	2026-08-22T15:10:18.5583042Z ##[endgroup]
speak	Run actions/checkout@v6	2026-08-22T15:10:18.5585390Z ##[group]Initializing the repository
speak	Run actions/checkout@v6	2026-08-22T15:10:18.5587167Z [command]/usr/bin/git init /home/runner/work/me-/me-
speak	Run actions/checkout@v6	2026-08-22T15:10:18.5720518Z hint: Using 'master' as the name for the initial branch. This default branch name
speak	Run actions/checkout@v6	2026-08-22T15:10:18.5723754Z hint: will change to "main" in Git 3.0. To configure the initial branch name
speak	Run actions/checkout@v6	2026-08-22T15:10:18.5726205Z hint: to use in all of your new repositories, which will suppress this warning,
speak	Run actions/checkout@v6	2026-08-22T15:10:18.5728184Z hint: call:
speak	Run actions/checkout@v6	2026-08-22T15:10:18.5729266Z hint:
speak	Run actions/checkout@v6	2026-08-22T15:10:18.5730616Z hint: 	git config --global init.defaultBranch <name>
speak	Run actions/checkout@v6	2026-08-22T15:10:18.5732336Z hint:
speak	Run actions/checkout@v6	2026-08-22T15:10:18.5734164Z hint: Names commonly chosen instead of 'master' are 'main', 'trunk' and
speak	Run actions/checkout@v6	2026-08-22T15:10:18.5736845Z hint: 'development'. The just-created branch can be renamed via this command:
speak	Run actions/checkout@v6	2026-08-22T15:10:18.5739146Z hint:
speak	Run actions/checkout@v6	2026-08-22T15:10:18.5740401Z hint: 	git branch -m <name>
speak	Run actions/checkout@v6	2026-08-22T15:10:18.5741909Z hint:
speak	Run actions/checkout@v6	2026-08-22T15:10:18.5743855Z hint: Disable this message with "git config set advice.defaultBranchName false"
speak	Run actions/checkout@v6	2026-08-22T15:10:18.5745754Z Initialized empty Git repository in /home/runner/work/me-/me-/.git/
speak	Run actions/checkout@v6	2026-08-22T15:10:18.5748981Z [command]/usr/bin/git remote add origin https://github.com/maaronfanberg-lab/me-
speak	Run actions/checkout@v6	2026-08-22T15:10:18.5800300Z ##[endgroup]
speak	Run actions/checkout@v6	2026-08-22T15:10:18.5803952Z ##[group]Disabling automatic garbage collection
speak	Run actions/checkout@v6	2026-08-22T15:10:18.5806929Z [command]/usr/bin/git config --local gc.auto 0
speak	Run actions/checkout@v6	2026-08-22T15:10:18.5849895Z ##[endgroup]
speak	Run actions/checkout@v6	2026-08-22T15:10:18.5853327Z ##[group]Setting up auth
speak	Run actions/checkout@v6	2026-08-22T15:10:18.5855918Z Removing SSH command configuration
speak	Run actions/checkout@v6	2026-08-22T15:10:18.5859538Z [command]/usr/bin/git config --local --name-only --get-regexp core\.sshCommand
speak	Run actions/checkout@v6	2026-08-22T15:10:18.5910130Z [command]/usr/bin/git submodule foreach --recursive sh -c "git config --local --name-only --get-regexp 'core\.sshCommand' && git config --local --unset-all 'core.sshCommand' || :"
speak	Run actions/checkout@v6	2026-08-22T15:10:18.6292060Z Removing HTTP extra header
speak	Run actions/checkout@v6	2026-08-22T15:10:18.6299063Z [command]/usr/bin/git config --local --name-only --get-regexp http\.https\:\/\/github\.com\/\.extraheader
speak	Run actions/checkout@v6	2026-08-22T15:10:18.6346389Z [command]/usr/bin/git submodule foreach --recursive sh -c "git config --local --name-only --get-regexp 'http\.https\:\/\/github\.com\/\.extraheader' && git config --local --unset-all 'http.https://github.com/.extraheader' || :"
speak	Run actions/checkout@v6	2026-08-22T15:10:18.6575963Z Removing includeIf entries pointing to credentials config files
speak	Run actions/checkout@v6	2026-08-22T15:10:18.6581486Z [command]/usr/bin/git config --local --name-only --get-regexp ^includeIf\.gitdir:
speak	Run actions/checkout@v6	2026-08-22T15:10:18.6623309Z [command]/usr/bin/git submodule foreach --recursive git config --local --show-origin --name-only --get-regexp remote.origin.url
speak	Run actions/checkout@v6	2026-08-22T15:10:18.6858157Z [command]/usr/bin/git config --file /home/runner/work/_temp/git-credentials-96908de5-6639-4fee-8af6-4be68c59ab26.config http.https://github.com/.extraheader AUTHORIZATION: basic ***
speak	Run actions/checkout@v6	2026-08-22T15:10:18.6907685Z [command]/usr/bin/git config --local includeIf.gitdir:/home/runner/work/me-/me-/.git.path /home/runner/work/_temp/git-credentials-96908de5-6639-4fee-8af6-4be68c59ab26.config
speak	Run actions/checkout@v6	2026-08-22T15:10:18.6944610Z [command]/usr/bin/git config --local includeIf.gitdir:/home/runner/work/me-/me-/.git/worktrees/*.path /home/runner/work/_temp/git-credentials-96908de5-6639-4fee-8af6-4be68c59ab26.config
speak	Run actions/checkout@v6	2026-08-22T15:10:18.6986072Z [command]/usr/bin/git config --local includeIf.gitdir:/github/workspace/.git.path /github/runner_temp/git-credentials-96908de5-6639-4fee-8af6-4be68c59ab26.config
speak	Run actions/checkout@v6	2026-08-22T15:10:18.7024704Z [command]/usr/bin/git config --local includeIf.gitdir:/github/workspace/.git/worktrees/*.path /github/runner_temp/git-credentials-96908de5-6639-4fee-8af6-4be68c59ab26.config
speak	Run actions/checkout@v6	2026-08-22T15:10:18.7058491Z ##[endgroup]
speak	Run actions/checkout@v6	2026-08-22T15:10:18.7060218Z ##[group]Fetching the repository
speak	Run actions/checkout@v6	2026-08-22T15:10:18.7067838Z [command]/usr/bin/git -c protocol.version=2 fetch --no-tags --prune --no-recurse-submodules --filter=blob:none origin +refs/heads/*:refs/remotes/origin/* +refs/tags/*:refs/tags/*
speak	Run actions/checkout@v6	2026-08-22T15:10:20.5060010Z From https://github.com/maaronfanberg-lab/me-
speak	Run actions/checkout@v6	2026-08-22T15:10:20.5065554Z  * [new branch]          agent/add-omef-seed-home -> origin/agent/add-omef-seed-home
speak	Run actions/checkout@v6	2026-08-22T15:10:20.5067049Z  * [new branch]          agent/attention-routed-skills -> origin/agent/attention-routed-skills
speak	Run actions/checkout@v6	2026-08-22T15:10:20.5068321Z  * [new branch]          agent/attention-router-v2 -> origin/agent/attention-router-v2
speak	Run actions/checkout@v6	2026-08-22T15:10:20.5069553Z  * [new branch]          agent/fix-pages-attention-live -> origin/agent/fix-pages-attention-live
speak	Run actions/checkout@v6	2026-08-22T15:10:20.5070842Z  * [new branch]          agent/omef-26-full-engine -> origin/agent/omef-26-full-engine
speak	Run actions/checkout@v6	2026-08-22T15:10:20.5072110Z  * [new branch]          agent/omef-one-seed-calculator -> origin/agent/omef-one-seed-calculator
speak	Run actions/checkout@v6	2026-08-22T15:10:20.5073674Z  * [new branch]          agent/sarah-society     -> origin/agent/sarah-society
speak	Run actions/checkout@v6	2026-08-22T15:10:20.5074884Z  * [new branch]          agent/sarah-society-actual -> origin/agent/sarah-society-actual
speak	Run actions/checkout@v6	2026-08-22T15:10:20.5076117Z  * [new branch]          agent/sarah-society-final -> origin/agent/sarah-society-final
speak	Run actions/checkout@v6	2026-08-22T15:10:20.5077294Z  * [new branch]          agent/sarah-society-v2  -> origin/agent/sarah-society-v2
speak	Run actions/checkout@v6	2026-08-22T15:10:20.5078452Z  * [new branch]          agent/sarah-society-v3  -> origin/agent/sarah-society-v3
speak	Run actions/checkout@v6	2026-08-22T15:10:20.5079466Z  * [new branch]          agent/sarah-society-v4  -> origin/agent/sarah-society-v4
speak	Run actions/checkout@v6	2026-08-22T15:10:20.5080585Z  * [new branch]          agent/sarah-society-v5  -> origin/agent/sarah-society-v5
speak	Run actions/checkout@v6	2026-08-22T15:10:20.5082055Z  * [new branch]          chore/leviathan-deploy-status-20260821 -> origin/chore/leviathan-deploy-status-20260821
speak	Run actions/checkout@v6	2026-08-22T15:10:20.5084169Z  * [new branch]          chore/leviathan-pr-deploy-diagnostic-20260821 -> origin/chore/leviathan-pr-deploy-diagnostic-20260821
speak	Run actions/checkout@v6	2026-08-22T15:10:20.5085839Z  * [new branch]          chore/trigger-leviathan-signal-deploy-20260821 -> origin/chore/trigger-leviathan-signal-deploy-20260821
speak	Run actions/checkout@v6	2026-08-22T15:10:20.5087482Z  * [new branch]          concept-universe-v1     -> origin/concept-universe-v1
speak	Run actions/checkout@v6	2026-08-22T15:10:20.5088463Z  * [new branch]          curiosity-v4-rebuild    -> origin/curiosity-v4-rebuild
speak	Run actions/checkout@v6	2026-08-22T15:10:20.5089486Z  * [new branch]          deploy-v11-pages-clean  -> origin/deploy-v11-pages-clean
speak	Run actions/checkout@v6	2026-08-22T15:10:20.5090547Z  * [new branch]          diag/room-expression-gate-live -> origin/diag/room-expression-gate-live
speak	Run actions/checkout@v6	2026-08-22T15:10:20.5091984Z  * [new branch]          diag/sara-room-live-probe-readonly -> origin/diag/sara-room-live-probe-readonly
speak	Run actions/checkout@v6	2026-08-22T15:10:20.5093553Z  * [new branch]          experiment/fan-flower-speed-holdout -> origin/experiment/fan-flower-speed-holdout
speak	Run actions/checkout@v6	2026-08-22T15:10:20.5094849Z  * [new branch]          farey-baseline-v0.1.2   -> origin/farey-baseline-v0.1.2
speak	Run actions/checkout@v6	2026-08-22T15:10:20.5095536Z  * [new branch]          feat/room-next-clean-slate-20260821 -> origin/feat/room-next-clean-slate-20260821
speak	Run actions/checkout@v6	2026-08-22T15:10:20.5096288Z  * [new branch]          feat/sara-live-autonomous-loop -> origin/feat/sara-live-autonomous-loop
speak	Run actions/checkout@v6	2026-08-22T15:10:20.5096946Z  * [new branch]          feat/sara-live-generator -> origin/feat/sara-live-generator
speak	Run actions/checkout@v6	2026-08-22T15:10:20.5097624Z  * [new branch]          feat/sara-live-room-channel -> origin/feat/sara-live-room-channel
speak	Run actions/checkout@v6	2026-08-22T15:10:20.5098272Z  * [new branch]          feat/sara-participant-loop -> origin/feat/sara-participant-loop
speak	Run actions/checkout@v6	2026-08-22T15:10:20.5099048Z  * [new branch]          feat/sara-room-queue-bridge -> origin/feat/sara-room-queue-bridge
speak	Run actions/checkout@v6	2026-08-22T15:10:20.5099972Z  * [new branch]          feature/leviathan-git-connected-signal-20260821 -> origin/feature/leviathan-git-connected-signal-20260821
speak	Run actions/checkout@v6	2026-08-22T15:10:20.5100862Z  * [new branch]          feature/leviathan-market-test-20260821 -> origin/feature/leviathan-market-test-20260821
speak	Run actions/checkout@v6	2026-08-22T15:10:20.5101559Z  * [new branch]          fix/allen-direct-reply  -> origin/fix/allen-direct-reply
speak	Run actions/checkout@v6	2026-08-22T15:10:20.5102251Z  * [new branch]          fix/allen-key-fingerprint-20260820 -> origin/fix/allen-key-fingerprint-20260820
speak	Run actions/checkout@v6	2026-08-22T15:10:20.5103343Z  * [new branch]          fix/allen-key-fingerprint-v2 -> origin/fix/allen-key-fingerprint-v2
speak	Run actions/checkout@v6	2026-08-22T15:10:20.5104323Z  * [new branch]          fix/allen-provocation-salience-20260820 -> origin/fix/allen-provocation-salience-20260820
speak	Run actions/checkout@v6	2026-08-22T15:10:20.5105598Z  * [new branch]          fix/allen-response-relevance-20260819 -> origin/fix/allen-response-relevance-20260819
speak	Run actions/checkout@v6	2026-08-22T15:10:20.5107113Z  * [new branch]          fix/allen-social-observation-20260819 -> origin/fix/allen-social-observation-20260819
speak	Run actions/checkout@v6	2026-08-22T15:10:20.5108045Z  * [new branch]          fix/allen-social-participant-20260819 -> origin/fix/allen-social-participant-20260819
speak	Run actions/checkout@v6	2026-08-22T15:10:20.5108752Z  * [new branch]          fix/allen-spoken-name   -> origin/fix/allen-spoken-name
speak	Run actions/checkout@v6	2026-08-22T15:10:20.5109380Z  * [new branch]          fix/allen-spoken-name-current -> origin/fix/allen-spoken-name-current
speak	Run actions/checkout@v6	2026-08-22T15:10:20.5110081Z  * [new branch]          fix/allen-two-voice-engagement -> origin/fix/allen-two-voice-engagement
speak	Run actions/checkout@v6	2026-08-22T15:10:20.5110840Z  * [new branch]          fix/cognition-history-decontamination -> origin/fix/cognition-history-decontamination
speak	Run actions/checkout@v6	2026-08-22T15:10:20.5111688Z  * [new branch]          fix/entity-question-answering-20260820 -> origin/fix/entity-question-answering-20260820
speak	Run actions/checkout@v6	2026-08-22T15:10:20.5112471Z  * [new branch]          fix/model-boundary-allowlist -> origin/fix/model-boundary-allowlist
speak	Run actions/checkout@v6	2026-08-22T15:10:20.5113517Z  * [new branch]          fix/prompt-orchestration-boundary -> origin/fix/prompt-orchestration-boundary
speak	Run actions/checkout@v6	2026-08-22T15:10:20.5114307Z  * [new branch]          fix/relationship-semantic-cleanup -> origin/fix/relationship-semantic-cleanup
speak	Run actions/checkout@v6	2026-08-22T15:10:20.5115202Z  * [new branch]          fix/room-adjacency-production-wiring-20260821 -> origin/fix/room-adjacency-production-wiring-20260821
speak	Run actions/checkout@v6	2026-08-22T15:10:20.5116184Z  * [new branch]          fix/room-ai-adjacency   -> origin/fix/room-ai-adjacency
speak	Run actions/checkout@v6	2026-08-22T15:10:20.5116805Z  * [new branch]          fix/room-anti-echo-20260821 -> origin/fix/room-anti-echo-20260821
speak	Run actions/checkout@v6	2026-08-22T15:10:20.5117603Z  * [new branch]          fix/room-authoritative-live-parts-20260821 -> origin/fix/room-authoritative-live-parts-20260821
speak	Run actions/checkout@v6	2026-08-22T15:10:20.5118566Z  * [new branch]          fix/room-cloudflare-recovery-20260820 -> origin/fix/room-cloudflare-recovery-20260820
speak	Run actions/checkout@v6	2026-08-22T15:10:20.5119382Z  * [new branch]          fix/room-comprehension-failsoft -> origin/fix/room-comprehension-failsoft
speak	Run actions/checkout@v6	2026-08-22T15:10:20.5120133Z  * [new branch]          fix/room-consensus-echo-20260821 -> origin/fix/room-consensus-echo-20260821
speak	Run actions/checkout@v6	2026-08-22T15:10:20.5120858Z  * [new branch]          fix/room-cross-voice-novelty -> origin/fix/room-cross-voice-novelty
speak	Run actions/checkout@v6	2026-08-22T15:10:20.5121689Z  * [new branch]          fix/room-deploy-account-resolution-20260820 -> origin/fix/room-deploy-account-resolution-20260820
speak	Run actions/checkout@v6	2026-08-22T15:10:20.5122830Z  * [new branch]          fix/room-diversity-instruction-leak -> origin/fix/room-diversity-instruction-leak
speak	Run actions/checkout@v6	2026-08-22T15:10:20.5123645Z  * [new branch]          fix/room-exit42-errexit-20260821 -> origin/fix/room-exit42-errexit-20260821
speak	Run actions/checkout@v6	2026-08-22T15:10:20.5124391Z  * [new branch]          fix/room-expression-failsoft -> origin/fix/room-expression-failsoft
speak	Run actions/checkout@v6	2026-08-22T15:10:20.5125105Z  * [new branch]          fix/room-expression-integrity -> origin/fix/room-expression-integrity
speak	Run actions/checkout@v6	2026-08-22T15:10:20.5125799Z  * [new branch]          fix/room-expression-quality -> origin/fix/room-expression-quality
speak	Run actions/checkout@v6	2026-08-22T15:10:20.5126609Z  * [new branch]          fix/room-final-publish-anti-echo-20260821 -> origin/fix/room-final-publish-anti-echo-20260821
speak	Run actions/checkout@v6	2026-08-22T15:10:20.5127500Z  * [new branch]          fix/room-generic-participant-ingress -> origin/fix/room-generic-participant-ingress
speak	Run actions/checkout@v6	2026-08-22T15:10:20.5128379Z  * [new branch]          fix/room-generic-participant-ingress-v2 -> origin/fix/room-generic-participant-ingress-v2
speak	Run actions/checkout@v6	2026-08-22T15:10:20.5129235Z  * [new branch]          fix/room-generic-participant-queue -> origin/fix/room-generic-participant-queue
speak	Run actions/checkout@v6	2026-08-22T15:10:20.5130138Z  * [new branch]          fix/room-git-autodeploy-verification-20260820 -> origin/fix/room-git-autodeploy-verification-20260820
speak	Run actions/checkout@v6	2026-08-22T15:10:20.5131290Z  * [new branch]          fix/room-git-autodeploy-verification-20260820b -> origin/fix/room-git-autodeploy-verification-20260820b
speak	Run actions/checkout@v6	2026-08-22T15:10:20.5132318Z  * [new branch]          fix/room-git-autodeploy-verification-20260820c -> origin/fix/room-git-autodeploy-verification-20260820c
speak	Run actions/checkout@v6	2026-08-22T15:10:20.5133559Z  * [new branch]          fix/room-git-autodeploy-verification-20260820d -> origin/fix/room-git-autodeploy-verification-20260820d
speak	Run actions/checkout@v6	2026-08-22T15:10:20.5134537Z  * [new branch]          fix/room-git-autodeploy-verification-final -> origin/fix/room-git-autodeploy-verification-final
speak	Run actions/checkout@v6	2026-08-22T15:10:20.5136076Z  * [new branch]          fix/room-git-autodeploy-verification-final2 -> origin/fix/room-git-autodeploy-verification-final2
speak	Run actions/checkout@v6	2026-08-22T15:10:20.5137459Z  * [new branch]          fix/room-git-autodeploy-verification-final3 -> origin/fix/room-git-autodeploy-verification-final3
speak	Run actions/checkout@v6	2026-08-22T15:10:20.5139425Z  * [new branch]          fix/room-git-autodeploy-verification-final4 -> origin/fix/room-git-autodeploy-verification-final4
speak	Run actions/checkout@v6	2026-08-22T15:10:20.5141365Z  * [new branch]          fix/room-git-connected-deploy-probe-20260820 -> origin/fix/room-git-connected-deploy-probe-20260820
speak	Run actions/checkout@v6	2026-08-22T15:10:20.5143466Z  * [new branch]          fix/room-git-fallback-live-verify-20260820 -> origin/fix/room-git-fallback-live-verify-20260820
speak	Run actions/checkout@v6	2026-08-22T15:10:20.5144961Z  * [new branch]          fix/room-incomplete-tail-v2 -> origin/fix/room-incomplete-tail-v2
speak	Run actions/checkout@v6	2026-08-22T15:10:20.5146505Z  * [new branch]          fix/room-live-4809-generic-echo-20260821 -> origin/fix/room-live-4809-generic-echo-20260821
speak	Run actions/checkout@v6	2026-08-22T15:10:20.5148131Z  * [new branch]          fix/room-live-quality-rut-20260821 -> origin/fix/room-live-quality-rut-20260821
speak	Run actions/checkout@v6	2026-08-22T15:10:20.5149900Z  * [new branch]          fix/room-live-semantic-retry-20260821 -> origin/fix/room-live-semantic-retry-20260821
speak	Run actions/checkout@v6	2026-08-22T15:10:20.5151472Z  * [new branch]          fix/room-live-semantic-retry-20260821-red -> origin/fix/room-live-semantic-retry-20260821-red
speak	Run actions/checkout@v6	2026-08-22T15:10:20.5153373Z  * [new branch]          fix/room-per-source-phrase-echo-20260821 -> origin/fix/room-per-source-phrase-echo-20260821
speak	Run actions/checkout@v6	2026-08-22T15:10:20.5155050Z  * [new branch]          fix/room-publish-semantic-coverage-20260821 -> origin/fix/room-publish-semantic-coverage-20260821
speak	Run actions/checkout@v6	2026-08-22T15:10:20.5156756Z  * [new branch]          fix/room-publish-semantic-shingles-20260821 -> origin/fix/room-publish-semantic-shingles-20260821
speak	Run actions/checkout@v6	2026-08-22T15:10:20.5158490Z  * [new branch]          fix/room-quality-rejection-liveness-20260821 -> origin/fix/room-quality-rejection-liveness-20260821
speak	Run actions/checkout@v6	2026-08-22T15:10:20.5159458Z  * [new branch]          fix/room-quality-rejection-liveness-pr130 -> origin/fix/room-quality-rejection-liveness-pr130
speak	Run actions/checkout@v6	2026-08-22T15:10:20.5160410Z  * [new branch]          fix/room-retry-and-truncation-boundary -> origin/fix/room-retry-and-truncation-boundary
speak	Run actions/checkout@v6	2026-08-22T15:10:20.5161199Z  * [new branch]          fix/room-retry-echo-boundary -> origin/fix/room-retry-echo-boundary
speak	Run actions/checkout@v6	2026-08-22T15:10:20.5162027Z  * [new branch]          fix/room-retry-preserve-same-beat-20260821 -> origin/fix/room-retry-preserve-same-beat-20260821
speak	Run actions/checkout@v6	2026-08-22T15:10:20.5163061Z  * [new branch]          fix/room-same-beat-order -> origin/fix/room-same-beat-order
speak	Run actions/checkout@v6	2026-08-22T15:10:20.5163848Z  * [new branch]          fix/room-sara-participant-test-baseline -> origin/fix/room-sara-participant-test-baseline
speak	Run actions/checkout@v6	2026-08-22T15:10:20.5164654Z  * [new branch]          fix/room-semantic-echo-20260821 -> origin/fix/room-semantic-echo-20260821
speak	Run actions/checkout@v6	2026-08-22T15:10:20.5165479Z  * [new branch]          fix/room-single-prior-phrase-echo-20260821 -> origin/fix/room-single-prior-phrase-echo-20260821
speak	Run actions/checkout@v6	2026-08-22T15:10:20.5166372Z  * [new branch]          fix/room-status-observer-fast-20260821 -> origin/fix/room-status-observer-fast-20260821
speak	Run actions/checkout@v6	2026-08-22T15:10:20.5167195Z  * [new branch]          fix/room-status-observer-fast-pr139 -> origin/fix/room-status-observer-fast-pr139
speak	Run actions/checkout@v6	2026-08-22T15:10:20.5168563Z  * [new branch]          fix/room-structural-residue -> origin/fix/room-structural-residue
speak	Run actions/checkout@v6	2026-08-22T15:10:20.5169871Z  * [new branch]          fix/room-supervised-liveness -> origin/fix/room-supervised-liveness
speak	Run actions/checkout@v6	2026-08-22T15:10:20.5170661Z  * [new branch]          fix/room-supervisor-baseline -> origin/fix/room-supervisor-baseline
speak	Run actions/checkout@v6	2026-08-22T15:10:20.5171583Z  * [new branch]          fix/room-topic-preflight-before-cognition-20260821 -> origin/fix/room-topic-preflight-before-cognition-20260821
speak	Run actions/checkout@v6	2026-08-22T15:10:20.5172764Z  * [new branch]          fix/room-viewer-history-continuity -> origin/fix/room-viewer-history-continuity
speak	Run actions/checkout@v6	2026-08-22T15:10:20.5173515Z  * [new branch]          fix/sara-oidc-single-write -> origin/fix/sara-oidc-single-write
speak	Run actions/checkout@v6	2026-08-22T15:10:20.5174171Z  * [new branch]          fix/sara-room-queue-bridge -> origin/fix/sara-room-queue-bridge
speak	Run actions/checkout@v6	2026-08-22T15:10:20.5174823Z  * [new branch]          fix/semantic-epoch-recovery -> origin/fix/semantic-epoch-recovery
speak	Run actions/checkout@v6	2026-08-22T15:10:20.5175530Z  * [new branch]          fix/semantic-recovery-preflight -> origin/fix/semantic-recovery-preflight
speak	Run actions/checkout@v6	2026-08-22T15:10:20.5176225Z  * [new branch]          genealogy-kinship-explorer -> origin/genealogy-kinship-explorer
speak	Run actions/checkout@v6	2026-08-22T15:10:20.5176830Z  * [new branch]          genealogy-universe      -> origin/genealogy-universe
speak	Run actions/checkout@v6	2026-08-22T15:10:20.5177339Z  * [new branch]          main                    -> origin/main
speak	Run actions/checkout@v6	2026-08-22T15:10:20.5177917Z  * [new branch]          ops/observe-room-after-pr132 -> origin/ops/observe-room-after-pr132
speak	Run actions/checkout@v6	2026-08-22T15:10:20.5178630Z  * [new branch]          ops/restart-bounded-room-via-pr -> origin/ops/restart-bounded-room-via-pr
speak	Run actions/checkout@v6	2026-08-22T15:10:20.5179334Z  * [new branch]          ops/restart-room-after-pr132 -> origin/ops/restart-room-after-pr132
speak	Run actions/checkout@v6	2026-08-22T15:10:20.5180244Z  * [new branch]          ops/restart-room-after-pr139 -> origin/ops/restart-room-after-pr139
speak	Run actions/checkout@v6	2026-08-22T15:10:20.5180904Z  * [new branch]          ops/restart-room-after-pr95 -> origin/ops/restart-room-after-pr95
speak	Run actions/checkout@v6	2026-08-22T15:10:20.5181557Z  * [new branch]          ops/restart-room-after-pr97 -> origin/ops/restart-room-after-pr97
speak	Run actions/checkout@v6	2026-08-22T15:10:20.5182202Z  * [new branch]          ops/restart-room-after-pr99 -> origin/ops/restart-room-after-pr99
speak	Run actions/checkout@v6	2026-08-22T15:10:20.5183268Z  * [new branch]          ops/restart-room-via-pr -> origin/ops/restart-room-via-pr
speak	Run actions/checkout@v6	2026-08-22T15:10:20.5183940Z  * [new branch]          pattern-microscope-v5   -> origin/pattern-microscope-v5
speak	Run actions/checkout@v6	2026-08-22T15:10:20.5184690Z  * [new branch]          pattern-microscope-v7-fullscreen-reader -> origin/pattern-microscope-v7-fullscreen-reader
speak	Run actions/checkout@v6	2026-08-22T15:10:20.5185457Z  * [new branch]          replace/room-bounded-topic -> origin/replace/room-bounded-topic
speak	Run actions/checkout@v6	2026-08-22T15:10:20.5186245Z  * [new branch]          research/human-conversation-model-20260821 -> origin/research/human-conversation-model-20260821
speak	Run actions/checkout@v6	2026-08-22T15:10:20.5187120Z  * [new branch]          research/personality-v2-fixed-profiles -> origin/research/personality-v2-fixed-profiles
speak	Run actions/checkout@v6	2026-08-22T15:10:20.5188057Z  * [new branch]          research/room-semantic-uptake -> origin/research/room-semantic-uptake
speak	Run actions/checkout@v6	2026-08-22T15:10:20.5188720Z  * [new branch]          return-node-microscope  -> origin/return-node-microscope
speak	Run actions/checkout@v6	2026-08-22T15:10:20.5189301Z  * [new branch]          room-cognition-v2-1     -> origin/room-cognition-v2-1
speak	Run actions/checkout@v6	2026-08-22T15:10:20.5189858Z  * [new branch]          room-cognition-v2-2     -> origin/room-cognition-v2-2
speak	Run actions/checkout@v6	2026-08-22T15:10:20.5190427Z  * [new branch]          room-cognitive-rebuild  -> origin/room-cognitive-rebuild
speak	Run actions/checkout@v6	2026-08-22T15:10:20.5190999Z  * [new branch]          room-memory-reboot      -> origin/room-memory-reboot
speak	Run actions/checkout@v6	2026-08-22T15:10:20.5191580Z  * [new branch]          room-research-social-v5 -> origin/room-research-social-v5
speak	Run actions/checkout@v6	2026-08-22T15:10:20.5192154Z  * [new branch]          room-shared-beats       -> origin/room-shared-beats
speak	Run actions/checkout@v6	2026-08-22T15:10:20.5192958Z  * [new branch]          room-v3-pages-final     -> origin/room-v3-pages-final
speak	Run actions/checkout@v6	2026-08-22T15:10:20.5193708Z  * [new branch]          room-v4-history-model   -> origin/room-v4-history-model
speak	Run actions/checkout@v6	2026-08-22T15:10:20.5194274Z  * [new branch]          room-v5-schema3-check   -> origin/room-v5-schema3-check
speak	Run actions/checkout@v6	2026-08-22T15:10:20.5194885Z  * [new branch]          sarah/attractor-384d-engine -> origin/sarah/attractor-384d-engine
speak	Run actions/checkout@v6	2026-08-22T15:10:20.5195534Z  * [new branch]          sarah/iphone-render-budget -> origin/sarah/iphone-render-budget
speak	Run actions/checkout@v6	2026-08-22T15:10:20.5196203Z  * [new branch]          sarah/iphone-render-budget-v2 -> origin/sarah/iphone-render-budget-v2
speak	Run actions/checkout@v6	2026-08-22T15:10:20.5197146Z  * [new branch]          sarah/iphone-render-budget-v3 -> origin/sarah/iphone-render-budget-v3
speak	Run actions/checkout@v6	2026-08-22T15:10:20.5198459Z  * [new branch]          sarah/visual-gene-routes -> origin/sarah/visual-gene-routes
speak	Run actions/checkout@v6	2026-08-22T15:10:20.5199696Z  * [new branch]          semantic-gravity-lab    -> origin/semantic-gravity-lab
speak	Run actions/checkout@v6	2026-08-22T15:10:20.5201119Z  * [new branch]          shared-supercomputer-acyclic-search -> origin/shared-supercomputer-acyclic-search
speak	Run actions/checkout@v6	2026-08-22T15:10:20.5202963Z  * [new branch]          shared-supercomputer-discovery-v25 -> origin/shared-supercomputer-discovery-v25
speak	Run actions/checkout@v6	2026-08-22T15:10:20.5204551Z  * [new branch]          shared-supercomputer-discovery-v25-fix -> origin/shared-supercomputer-discovery-v25-fix
speak	Run actions/checkout@v6	2026-08-22T15:10:20.5206226Z  * [new branch]          shared-supercomputer-local-first -> origin/shared-supercomputer-local-first
speak	Run actions/checkout@v6	2026-08-22T15:10:20.5207926Z  * [new branch]          shared-supercomputer-semantic-packet -> origin/shared-supercomputer-semantic-packet
speak	Run actions/checkout@v6	2026-08-22T15:10:20.5209501Z  * [new branch]          shared-supercomputer-v25-hardening -> origin/shared-supercomputer-v25-hardening
speak	Run actions/checkout@v6	2026-08-22T15:10:20.5211031Z  * [new branch]          simple-pattern-finder-v6 -> origin/simple-pattern-finder-v6
speak	Run actions/checkout@v6	2026-08-22T15:10:20.5212076Z  * [new branch]          subsonic-calm-app       -> origin/subsonic-calm-app
speak	Run actions/checkout@v6	2026-08-22T15:10:20.5213327Z  * [new branch]          subsonic-calm-rewrite   -> origin/subsonic-calm-rewrite
speak	Run actions/checkout@v6	2026-08-22T15:10:20.5214405Z  * [new branch]          subsonic-calm-rewrite-2 -> origin/subsonic-calm-rewrite-2
speak	Run actions/checkout@v6	2026-08-22T15:10:20.5215472Z  * [new branch]          subsonic-calm-rewrite-3 -> origin/subsonic-calm-rewrite-3
speak	Run actions/checkout@v6	2026-08-22T15:10:20.5216699Z  * [new branch]          subsonic-calm-rewrite-final -> origin/subsonic-calm-rewrite-final
speak	Run actions/checkout@v6	2026-08-22T15:10:20.5217799Z  * [new branch]          subsonic-calm-v4-research -> origin/subsonic-calm-v4-research
speak	Run actions/checkout@v6	2026-08-22T15:10:20.5218408Z  * [new branch]          subsonic-pages-v3       -> origin/subsonic-pages-v3
speak	Run actions/checkout@v6	2026-08-22T15:10:20.5219022Z  * [new branch]          subsonic-psw10-retune   -> origin/subsonic-psw10-retune
speak	Run actions/checkout@v6	2026-08-22T15:10:20.5219779Z  * [new branch]          test/allen-observation-baseline-20260819 -> origin/test/allen-observation-baseline-20260819
speak	Run actions/checkout@v6	2026-08-22T15:10:20.5220579Z  * [new branch]          test/sara-room-live-e2e-once -> origin/test/sara-room-live-e2e-once
speak	Run actions/checkout@v6	2026-08-22T15:10:20.5221257Z  * [new branch]          things-universe-concept-v2 -> origin/things-universe-concept-v2
speak	Run actions/checkout@v6	2026-08-22T15:10:20.5221969Z  * [new branch]          things-universe-concept-v2-final -> origin/things-universe-concept-v2-final
speak	Run actions/checkout@v6	2026-08-22T15:10:20.5222923Z  * [new branch]          things-universe-v1      -> origin/things-universe-v1
speak	Run actions/checkout@v6	2026-08-22T15:10:20.5223701Z  * [new branch]          things-universe-v10-branching-territories -> origin/things-universe-v10-branching-territories
speak	Run actions/checkout@v6	2026-08-22T15:10:20.5224556Z  * [new branch]          things-universe-v11-self-contained -> origin/things-universe-v11-self-contained
speak	Run actions/checkout@v6	2026-08-22T15:10:20.5225337Z  * [new branch]          things-universe-v12-force-islands -> origin/things-universe-v12-force-islands
speak	Run actions/checkout@v6	2026-08-22T15:10:20.5226092Z  * [new branch]          things-universe-v13-conceptual -> origin/things-universe-v13-conceptual
speak	Run actions/checkout@v6	2026-08-22T15:10:20.5227238Z  * [new branch]          things-universe-v14-normalized-concepts -> origin/things-universe-v14-normalized-concepts
speak	Run actions/checkout@v6	2026-08-22T15:10:20.5229134Z  * [new branch]          things-universe-v15-multi-territory -> origin/things-universe-v15-multi-territory
speak	Run actions/checkout@v6	2026-08-22T15:10:20.5230289Z  * [new branch]          things-universe-v15-multi-territory-clean -> origin/things-universe-v15-multi-territory-clean
speak	Run actions/checkout@v6	2026-08-22T15:10:20.5231142Z  * [new branch]          things-universe-v16-deep-growth -> origin/things-universe-v16-deep-growth
speak	Run actions/checkout@v6	2026-08-22T15:10:20.5231880Z  * [new branch]          things-universe-v16-pages-fresh -> origin/things-universe-v16-pages-fresh
speak	Run actions/checkout@v6	2026-08-22T15:10:20.5232931Z  * [new branch]          things-universe-v17-local-runtime -> origin/things-universe-v17-local-runtime
speak	Run actions/checkout@v6	2026-08-22T15:10:20.5233775Z  * [new branch]          things-universe-v18-microscope-visuals -> origin/things-universe-v18-microscope-visuals
speak	Run actions/checkout@v6	2026-08-22T15:10:20.5234540Z  * [new branch]          things-universe-v19-final -> origin/things-universe-v19-final
speak	Run actions/checkout@v6	2026-08-22T15:10:20.5235200Z  * [new branch]          things-universe-v20-floating -> origin/things-universe-v20-floating
speak	Run actions/checkout@v6	2026-08-22T15:10:20.5235937Z  * [new branch]          things-universe-v22-common-meaning -> origin/things-universe-v22-common-meaning
speak	Run actions/checkout@v6	2026-08-22T15:10:20.5236663Z  * [new branch]          things-universe-v23-runtime -> origin/things-universe-v23-runtime
speak	Run actions/checkout@v6	2026-08-22T15:10:20.5237369Z  * [new branch]          things-universe-v24-connect-mode -> origin/things-universe-v24-connect-mode
speak	Run actions/checkout@v6	2026-08-22T15:10:20.5238124Z  * [new branch]          things-universe-v3-working-search -> origin/things-universe-v3-working-search
speak	Run actions/checkout@v6	2026-08-22T15:10:20.5238890Z  * [new branch]          things-universe-v4-visible-growth -> origin/things-universe-v4-visible-growth
speak	Run actions/checkout@v6	2026-08-22T15:10:20.5239626Z  * [new branch]          things-universe-v5-mobile-clean -> origin/things-universe-v5-mobile-clean
speak	Run actions/checkout@v6	2026-08-22T15:10:20.5240521Z  * [new branch]          things-universe-v6-singlefile -> origin/things-universe-v6-singlefile
speak	Run actions/checkout@v6	2026-08-22T15:10:20.5241304Z  * [new branch]          things-universe-v7-viewport-autogrow -> origin/things-universe-v7-viewport-autogrow
speak	Run actions/checkout@v6	2026-08-22T15:10:20.5242074Z  * [new branch]          things-universe-v8-pinch-zoom -> origin/things-universe-v8-pinch-zoom
speak	Run actions/checkout@v6	2026-08-22T15:10:20.5242987Z  * [new branch]          things-universe-v9-circular -> origin/things-universe-v9-circular
speak	Run actions/checkout@v6	2026-08-22T15:10:20.5243579Z  * [new tag]             society-brain-v1        -> society-brain-v1
speak	Run actions/checkout@v6	2026-08-22T15:10:20.5245055Z ##[endgroup]
speak	Run actions/checkout@v6	2026-08-22T15:10:20.5245507Z ##[group]Determining the checkout info
speak	Run actions/checkout@v6	2026-08-22T15:10:20.5245925Z [command]/usr/bin/git branch --list --remote origin/main
speak	Run actions/checkout@v6	2026-08-22T15:10:20.5246367Z   origin/main
speak	Run actions/checkout@v6	2026-08-22T15:10:20.5247133Z ##[endgroup]
speak	Run actions/checkout@v6	2026-08-22T15:10:20.5247563Z ##[group]Setting up sparse checkout
speak	Run actions/checkout@v6	2026-08-22T15:10:20.5247961Z [command]/usr/bin/git sparse-checkout set scripts room
speak	Run actions/checkout@v6	2026-08-22T15:10:20.5248884Z ##[endgroup]
speak	Run actions/checkout@v6	2026-08-22T15:10:20.5249314Z ##[group]Checking out the ref
speak	Run actions/checkout@v6	2026-08-22T15:10:20.5249794Z [command]/usr/bin/git checkout --progress --force -B main refs/remotes/origin/main
speak	Run actions/checkout@v6	2026-08-22T15:10:21.5144699Z Switched to a new branch 'main'
speak	Run actions/checkout@v6	2026-08-22T15:10:21.5148686Z branch 'main' set up to track 'origin/main'.
speak	Run actions/checkout@v6	2026-08-22T15:10:21.5159314Z ##[endgroup]
speak	Run actions/checkout@v6	2026-08-22T15:10:21.5215970Z [command]/usr/bin/git log -1 --format=%H
speak	Run actions/checkout@v6	2026-08-22T15:10:21.5252300Z ee65d2e00c386f9186a2ae804e6932d13670f9e3
speak	Generate and POST at most one autonomous Sara turn	﻿2026-08-22T15:10:21.5892077Z ##[group]Run set +e
speak	Generate and POST at most one autonomous Sara turn	2026-08-22T15:10:21.5892464Z ^[[36;1mset +e^[[0m
speak	Generate and POST at most one autonomous Sara turn	2026-08-22T15:10:21.5893311Z ^[[36;1mrm -f /tmp/sara-turn.json /tmp/sara-session.json /tmp/sara-post-body.json^[[0m
speak	Generate and POST at most one autonomous Sara turn	2026-08-22T15:10:21.5893746Z ^[[36;1m^[[0m
speak	Generate and POST at most one autonomous Sara turn	2026-08-22T15:10:21.5894036Z ^[[36;1mcurl -sS -o /tmp/sara-session.json -w '%{http_code}' \^[[0m
speak	Generate and POST at most one autonomous Sara turn	2026-08-22T15:10:21.5894515Z ^[[36;1m  "${ROOM_RELAY_URL%/}/api/sara/session" > /tmp/session-status.txt^[[0m
speak	Generate and POST at most one autonomous Sara turn	2026-08-22T15:10:21.5894890Z ^[[36;1msession_rc=$?^[[0m
speak	Generate and POST at most one autonomous Sara turn	2026-08-22T15:10:21.5895173Z ^[[36;1msession_status=$(cat /tmp/session-status.txt)^[[0m
speak	Generate and POST at most one autonomous Sara turn	2026-08-22T15:10:21.5895475Z ^[[36;1m^[[0m
speak	Generate and POST at most one autonomous Sara turn	2026-08-22T15:10:21.5895753Z ^[[36;1mif [ "$session_rc" -ne 0 ] || [ "$session_status" != "200" ]; then^[[0m
speak	Generate and POST at most one autonomous Sara turn	2026-08-22T15:10:21.5896402Z ^[[36;1m  echo "SESSION_HTTP_STATUS=${session_status}"^[[0m
speak	Generate and POST at most one autonomous Sara turn	2026-08-22T15:10:21.5896739Z ^[[36;1m  echo "SESSION_EXIT_CODE=${session_rc}"^[[0m
speak	Generate and POST at most one autonomous Sara turn	2026-08-22T15:10:21.5897026Z ^[[36;1m  exit 1^[[0m
speak	Generate and POST at most one autonomous Sara turn	2026-08-22T15:10:21.5897215Z ^[[36;1mfi^[[0m
speak	Generate and POST at most one autonomous Sara turn	2026-08-22T15:10:21.5897395Z ^[[36;1m^[[0m
speak	Generate and POST at most one autonomous Sara turn	2026-08-22T15:10:21.5897671Z ^[[36;1mpython3 scripts/room_sara_live_turn.py \^[[0m
speak	Generate and POST at most one autonomous Sara turn	2026-08-22T15:10:21.5897982Z ^[[36;1m  --feed room/feed.json \^[[0m
speak	Generate and POST at most one autonomous Sara turn	2026-08-22T15:10:21.5898275Z ^[[36;1m  --session /tmp/sara-session.json \^[[0m
speak	Generate and POST at most one autonomous Sara turn	2026-08-22T15:10:21.5898585Z ^[[36;1m  --output /tmp/sara-turn.json^[[0m
speak	Generate and POST at most one autonomous Sara turn	2026-08-22T15:10:21.5898865Z ^[[36;1mgenerator_rc=$?^[[0m
speak	Generate and POST at most one autonomous Sara turn	2026-08-22T15:10:21.5899113Z ^[[36;1mif [ "$generator_rc" -ne 0 ]; then^[[0m
speak	Generate and POST at most one autonomous Sara turn	2026-08-22T15:10:21.5899439Z ^[[36;1m  echo "GENERATOR_EXIT_CODE=${generator_rc}"^[[0m
speak	Generate and POST at most one autonomous Sara turn	2026-08-22T15:10:21.5899744Z ^[[36;1m  exit "$generator_rc"^[[0m
speak	Generate and POST at most one autonomous Sara turn	2026-08-22T15:10:21.5899985Z ^[[36;1mfi^[[0m
speak	Generate and POST at most one autonomous Sara turn	2026-08-22T15:10:21.5900171Z ^[[36;1m^[[0m
speak	Generate and POST at most one autonomous Sara turn	2026-08-22T15:10:21.5900394Z ^[[36;1mif [ ! -s /tmp/sara-turn.json ]; then^[[0m
speak	Generate and POST at most one autonomous Sara turn	2026-08-22T15:10:21.5900755Z ^[[36;1m  echo "SARA_LIVE_RESULT=skipped-no-fresh-room-event"^[[0m
speak	Generate and POST at most one autonomous Sara turn	2026-08-22T15:10:21.5901146Z ^[[36;1m  if [ "${GITHUB_EVENT_NAME}" = "push" ]; then^[[0m
speak	Generate and POST at most one autonomous Sara turn	2026-08-22T15:10:21.5901465Z ^[[36;1m    python3 - <<'PY'^[[0m
speak	Generate and POST at most one autonomous Sara turn	2026-08-22T15:10:21.5901709Z ^[[36;1mimport json, os^[[0m
speak	Generate and POST at most one autonomous Sara turn	2026-08-22T15:10:21.5901985Z ^[[36;1mfrom datetime import datetime, timezone^[[0m
speak	Generate and POST at most one autonomous Sara turn	2026-08-22T15:10:21.5902279Z ^[[36;1mpayload={^[[0m
speak	Generate and POST at most one autonomous Sara turn	2026-08-22T15:10:21.5902787Z ^[[36;1m    "checked_at":datetime.now(timezone.utc).isoformat().replace("+00:00","Z"),^[[0m
speak	Generate and POST at most one autonomous Sara turn	2026-08-22T15:10:21.5903260Z ^[[36;1m    "event":os.environ.get("GITHUB_EVENT_NAME"),^[[0m
speak	Generate and POST at most one autonomous Sara turn	2026-08-22T15:10:21.5903612Z ^[[36;1m    "result":"skipped-no-fresh-room-event",^[[0m
speak	Generate and POST at most one autonomous Sara turn	2026-08-22T15:10:21.5903953Z ^[[36;1m    "run_id":os.environ.get("GITHUB_RUN_ID"),^[[0m
speak	Generate and POST at most one autonomous Sara turn	2026-08-22T15:10:21.5904318Z ^[[36;1m    "run_attempt":os.environ.get("GITHUB_RUN_ATTEMPT"),^[[0m
speak	Generate and POST at most one autonomous Sara turn	2026-08-22T15:10:21.5904640Z ^[[36;1m}^[[0m
speak	Generate and POST at most one autonomous Sara turn	2026-08-22T15:10:21.5905029Z ^[[36;1mopen("room/sara-live-loop-launch.json","w").write(json.dumps(payload,indent=2)+"\n")^[[0m
speak	Generate and POST at most one autonomous Sara turn	2026-08-22T15:10:21.5905480Z ^[[36;1mPY^[[0m
speak	Generate and POST at most one autonomous Sara turn	2026-08-22T15:10:21.5905660Z ^[[36;1m  fi^[[0m
speak	Generate and POST at most one autonomous Sara turn	2026-08-22T15:10:21.5905853Z ^[[36;1m  exit 0^[[0m
speak	Generate and POST at most one autonomous Sara turn	2026-08-22T15:10:21.5906041Z ^[[36;1mfi^[[0m
speak	Generate and POST at most one autonomous Sara turn	2026-08-22T15:10:21.5906220Z ^[[36;1m^[[0m
speak	Generate and POST at most one autonomous Sara turn	2026-08-22T15:10:21.5906574Z ^[[36;1mtoken_json=$(curl -fsS -H "Authorization: bearer ${ACTIONS_ID_TOKEN_REQUEST_TOKEN}" \^[[0m
speak	Generate and POST at most one autonomous Sara turn	2026-08-22T15:10:21.5907105Z ^[[36;1m  "${ACTIONS_ID_TOKEN_REQUEST_URL}&audience=room-live-mirror")^[[0m
speak	Generate and POST at most one autonomous Sara turn	2026-08-22T15:10:21.5907457Z ^[[36;1mtoken_rc=$?^[[0m
speak	Generate and POST at most one autonomous Sara turn	2026-08-22T15:10:21.5907964Z ^[[36;1mrelay_token=$(printf '%s' "$token_json" | python3 -c 'import json,sys; print(json.load(sys.stdin).get("value", ""))' 2>/dev/null)^[[0m
speak	Generate and POST at most one autonomous Sara turn	2026-08-22T15:10:21.5908590Z ^[[36;1mif [ "$token_rc" -ne 0 ] || [ -z "$relay_token" ]; then^[[0m
speak	Generate and POST at most one autonomous Sara turn	2026-08-22T15:10:21.5908933Z ^[[36;1m  echo "TOKEN_EXIT_CODE=${token_rc}"^[[0m
speak	Generate and POST at most one autonomous Sara turn	2026-08-22T15:10:21.5909219Z ^[[36;1m  exit 1^[[0m
speak	Generate and POST at most one autonomous Sara turn	2026-08-22T15:10:21.5909408Z ^[[36;1mfi^[[0m
speak	Generate and POST at most one autonomous Sara turn	2026-08-22T15:10:21.5909592Z ^[[36;1m^[[0m
speak	Generate and POST at most one autonomous Sara turn	2026-08-22T15:10:21.5909866Z ^[[36;1mcurl -sS -o /tmp/sara-post-body.json -w '%{http_code}' \^[[0m
speak	Generate and POST at most one autonomous Sara turn	2026-08-22T15:10:21.5910207Z ^[[36;1m  -X POST \^[[0m
speak	Generate and POST at most one autonomous Sara turn	2026-08-22T15:10:21.5910749Z ^[[36;1m  -H "Authorization: ***" \^[[0m
speak	Generate and POST at most one autonomous Sara turn	2026-08-22T15:10:21.5911063Z ^[[36;1m  -H 'Content-Type: application/json' \^[[0m
speak	Generate and POST at most one autonomous Sara turn	2026-08-22T15:10:21.5911611Z ^[[36;1m  --data-binary @/tmp/sara-turn.json \^[[0m
speak	Generate and POST at most one autonomous Sara turn	2026-08-22T15:10:21.5911990Z ^[[36;1m  "${ROOM_RELAY_URL%/}/api/sara/turn" > /tmp/post-status.txt^[[0m
speak	Generate and POST at most one autonomous Sara turn	2026-08-22T15:10:21.5912348Z ^[[36;1mpost_rc=$?^[[0m
speak	Generate and POST at most one autonomous Sara turn	2026-08-22T15:10:21.5912747Z ^[[36;1mpost_status=$(cat /tmp/post-status.txt)^[[0m
speak	Generate and POST at most one autonomous Sara turn	2026-08-22T15:10:21.5913038Z ^[[36;1m^[[0m
speak	Generate and POST at most one autonomous Sara turn	2026-08-22T15:10:21.5913241Z ^[[36;1maccepted=$(python3 - <<'PY'^[[0m
speak	Generate and POST at most one autonomous Sara turn	2026-08-22T15:10:21.5913499Z ^[[36;1mimport json^[[0m
speak	Generate and POST at most one autonomous Sara turn	2026-08-22T15:10:21.5913946Z ^[[36;1mtry: print("true" if json.load(open('/tmp/sara-post-body.json')).get('accepted') is True else "false")^[[0m
speak	Generate and POST at most one autonomous Sara turn	2026-08-22T15:10:21.5914455Z ^[[36;1mexcept Exception: print("false")^[[0m
speak	Generate and POST at most one autonomous Sara turn	2026-08-22T15:10:21.5914846Z ^[[36;1mPY^[[0m
speak	Generate and POST at most one autonomous Sara turn	2026-08-22T15:10:21.5915028Z ^[[36;1m)^[[0m
speak	Generate and POST at most one autonomous Sara turn	2026-08-22T15:10:21.5915228Z ^[[36;1mroom_queued=$(python3 - <<'PY'^[[0m
speak	Generate and POST at most one autonomous Sara turn	2026-08-22T15:10:21.5915489Z ^[[36;1mimport json^[[0m
speak	Generate and POST at most one autonomous Sara turn	2026-08-22T15:10:21.5915922Z ^[[36;1mtry: print("true" if json.load(open('/tmp/sara-post-body.json')).get('room_queued') is True else "false")^[[0m
speak	Generate and POST at most one autonomous Sara turn	2026-08-22T15:10:21.5916439Z ^[[36;1mexcept Exception: print("false")^[[0m
speak	Generate and POST at most one autonomous Sara turn	2026-08-22T15:10:21.5916702Z ^[[36;1mPY^[[0m
speak	Generate and POST at most one autonomous Sara turn	2026-08-22T15:10:21.5916890Z ^[[36;1m)^[[0m
speak	Generate and POST at most one autonomous Sara turn	2026-08-22T15:10:21.5917064Z ^[[36;1m^[[0m
speak	Generate and POST at most one autonomous Sara turn	2026-08-22T15:10:21.5917263Z ^[[36;1mecho "TOKEN_EXIT_CODE=${token_rc}"^[[0m
speak	Generate and POST at most one autonomous Sara turn	2026-08-22T15:10:21.5917571Z ^[[36;1mecho "POST_HTTP_STATUS=${post_status}"^[[0m
speak	Generate and POST at most one autonomous Sara turn	2026-08-22T15:10:21.5917865Z ^[[36;1mecho "POST_BODY_BEGIN"^[[0m
speak	Generate and POST at most one autonomous Sara turn	2026-08-22T15:10:21.5918129Z ^[[36;1mcat /tmp/sara-post-body.json^[[0m
speak	Generate and POST at most one autonomous Sara turn	2026-08-22T15:10:21.5918388Z ^[[36;1mecho^[[0m
speak	Generate and POST at most one autonomous Sara turn	2026-08-22T15:10:21.5918589Z ^[[36;1mecho "POST_BODY_END"^[[0m
speak	Generate and POST at most one autonomous Sara turn	2026-08-22T15:10:21.5918851Z ^[[36;1mecho "POST_EXIT_CODE=${post_rc}"^[[0m
speak	Generate and POST at most one autonomous Sara turn	2026-08-22T15:10:21.5919138Z ^[[36;1mecho "POST_ACCEPTED=${accepted}"^[[0m
speak	Generate and POST at most one autonomous Sara turn	2026-08-22T15:10:21.5919446Z ^[[36;1mecho "ROOM_QUEUED=${room_queued}"^[[0m
speak	Generate and POST at most one autonomous Sara turn	2026-08-22T15:10:21.5919706Z ^[[36;1m^[[0m
speak	Generate and POST at most one autonomous Sara turn	2026-08-22T15:10:21.5919923Z ^[[36;1mif [ "${GITHUB_EVENT_NAME}" = "push" ]; then^[[0m
speak	Generate and POST at most one autonomous Sara turn	2026-08-22T15:10:21.5920424Z ^[[36;1m  POST_STATUS="$post_status" POST_RC="$post_rc" POST_ACCEPTED="$accepted" ROOM_QUEUED="$room_queued" \^[[0m
speak	Generate and POST at most one autonomous Sara turn	2026-08-22T15:10:21.5920907Z ^[[36;1m  python3 - <<'PY'^[[0m
speak	Generate and POST at most one autonomous Sara turn	2026-08-22T15:10:21.5921156Z ^[[36;1mimport json, os^[[0m
speak	Generate and POST at most one autonomous Sara turn	2026-08-22T15:10:21.5921412Z ^[[36;1mfrom datetime import datetime, timezone^[[0m
speak	Generate and POST at most one autonomous Sara turn	2026-08-22T15:10:21.5921713Z ^[[36;1mdef load(path):^[[0m
speak	Generate and POST at most one autonomous Sara turn	2026-08-22T15:10:21.5921968Z ^[[36;1m    try: return json.load(open(path))^[[0m
speak	Generate and POST at most one autonomous Sara turn	2026-08-22T15:10:21.5922276Z ^[[36;1m    except Exception: return None^[[0m
speak	Generate and POST at most one autonomous Sara turn	2026-08-22T15:10:21.5922667Z ^[[36;1mpayload={^[[0m
speak	Generate and POST at most one autonomous Sara turn	2026-08-22T15:10:21.5923023Z ^[[36;1m    "checked_at":datetime.now(timezone.utc).isoformat().replace("+00:00","Z"),^[[0m
speak	Generate and POST at most one autonomous Sara turn	2026-08-22T15:10:21.5923484Z ^[[36;1m    "event":os.environ.get("GITHUB_EVENT_NAME"),^[[0m
speak	Generate and POST at most one autonomous Sara turn	2026-08-22T15:10:21.5923806Z ^[[36;1m    "result":"posted",^[[0m
speak	Generate and POST at most one autonomous Sara turn	2026-08-22T15:10:21.5924085Z ^[[36;1m    "turn":load('/tmp/sara-turn.json'),^[[0m
speak	Generate and POST at most one autonomous Sara turn	2026-08-22T15:10:21.5924434Z ^[[36;1m    "post_http_status":os.environ.get('POST_STATUS'),^[[0m
speak	Generate and POST at most one autonomous Sara turn	2026-08-22T15:10:21.5924824Z ^[[36;1m    "post_exit_code":int(os.environ.get('POST_RC','-1')),^[[0m
speak	Generate and POST at most one autonomous Sara turn	2026-08-22T15:10:21.5925439Z ^[[36;1m    "post_accepted":os.environ.get('POST_ACCEPTED')=='true',^[[0m
speak	Generate and POST at most one autonomous Sara turn	2026-08-22T15:10:21.5925888Z ^[[36;1m    "room_queued":os.environ.get('ROOM_QUEUED')=='true',^[[0m
speak	Generate and POST at most one autonomous Sara turn	2026-08-22T15:10:21.5926266Z ^[[36;1m    "post_body":load('/tmp/sara-post-body.json'),^[[0m
speak	Generate and POST at most one autonomous Sara turn	2026-08-22T15:10:21.5926618Z ^[[36;1m    "run_id":os.environ.get("GITHUB_RUN_ID"),^[[0m
speak	Generate and POST at most one autonomous Sara turn	2026-08-22T15:10:21.5926978Z ^[[36;1m    "run_attempt":os.environ.get("GITHUB_RUN_ATTEMPT"),^[[0m
speak	Generate and POST at most one autonomous Sara turn	2026-08-22T15:10:21.5927301Z ^[[36;1m}^[[0m
speak	Generate and POST at most one autonomous Sara turn	2026-08-22T15:10:21.5944446Z ^[[36;1mopen("room/sara-live-loop-launch.json","w").write(json.dumps(payload,indent=2)+"\n")^[[0m
speak	Generate and POST at most one autonomous Sara turn	2026-08-22T15:10:21.5945032Z ^[[36;1mPY^[[0m
speak	Generate and POST at most one autonomous Sara turn	2026-08-22T15:10:21.5945232Z ^[[36;1mfi^[[0m
speak	Generate and POST at most one autonomous Sara turn	2026-08-22T15:10:21.5945418Z ^[[36;1m^[[0m
speak	Generate and POST at most one autonomous Sara turn	2026-08-22T15:10:21.5945870Z ^[[36;1mif [ "$post_rc" -ne 0 ] || [ "$post_status" != "202" ] || [ "$accepted" != "true" ] || [ "$room_queued" != "true" ]; then^[[0m
speak	Generate and POST at most one autonomous Sara turn	2026-08-22T15:10:21.5946349Z ^[[36;1m  exit 1^[[0m
speak	Generate and POST at most one autonomous Sara turn	2026-08-22T15:10:21.5946756Z ^[[36;1mfi^[[0m
speak	Generate and POST at most one autonomous Sara turn	2026-08-22T15:10:21.5988167Z shell: /usr/bin/bash -e {0}
speak	Generate and POST at most one autonomous Sara turn	2026-08-22T15:10:21.5988456Z env:
speak	Generate and POST at most one autonomous Sara turn	2026-08-22T15:10:21.5988781Z   ROOM_RELAY_URL: https://room-live-mirror.dfp6k69dw5.workers.dev
speak	Generate and POST at most one autonomous Sara turn	2026-08-22T15:10:21.5989182Z   ROOM_MODEL_URL: 
speak	Generate and POST at most one autonomous Sara turn	2026-08-22T15:10:21.5989392Z   ROOM_NODE_PROMPT: 
speak	Generate and POST at most one autonomous Sara turn	2026-08-22T15:10:21.5989606Z ##[endgroup]
speak	Generate and POST at most one autonomous Sara turn	2026-08-22T15:10:22.0601697Z Traceback (most recent call last):
speak	Generate and POST at most one autonomous Sara turn	2026-08-22T15:10:22.0602915Z   File "/home/runner/work/me-/me-/scripts/room_sara_live_turn.py", line 182, in <module>
speak	Generate and POST at most one autonomous Sara turn	2026-08-22T15:10:22.0603757Z     raise SystemExit(main())
speak	Generate and POST at most one autonomous Sara turn	2026-08-22T15:10:22.0604191Z                      ^^^^^^
speak	Generate and POST at most one autonomous Sara turn	2026-08-22T15:10:22.0605164Z   File "/home/runner/work/me-/me-/scripts/room_sara_live_turn.py", line 172, in main
speak	Generate and POST at most one autonomous Sara turn	2026-08-22T15:10:22.0605990Z     turn = build_turn(load_json(args.feed), load_json(args.session))
speak	Generate and POST at most one autonomous Sara turn	2026-08-22T15:10:22.0606605Z            ^^^^^^^^^^^^^^^^^^^^^^^^^^^^^^^^^^^^^^^^^^^^^^^^^^^^^^^^^
speak	Generate and POST at most one autonomous Sara turn	2026-08-22T15:10:22.0607319Z   File "/home/runner/work/me-/me-/scripts/room_sara_live_turn.py", line 104, in build_turn
speak	Generate and POST at most one autonomous Sara turn	2026-08-22T15:10:22.0608163Z     raise RuntimeError("Sara model returned an empty expression")
speak	Generate and POST at most one autonomous Sara turn	2026-08-22T15:10:22.0608816Z RuntimeError: Sara model returned an empty expression
speak	Generate and POST at most one autonomous Sara turn	2026-08-22T15:10:22.0749602Z GENERATOR_EXIT_CODE=1
speak	Generate and POST at most one autonomous Sara turn	2026-08-22T15:10:22.0765921Z ##[error]Process completed with exit code 1.
speak	Persist first-launch evidence	﻿2026-08-22T15:10:22.1083023Z ##[group]Run set -e
speak	Persist first-launch evidence	2026-08-22T15:10:22.1083346Z ^[[36;1mset -e^[[0m
speak	Persist first-launch evidence	2026-08-22T15:10:22.1083645Z ^[[36;1m[ -f room/sara-live-loop-launch.json ] || exit 0^[[0m
speak	Persist first-launch evidence	2026-08-22T15:10:22.1084038Z ^[[36;1mgit config user.name 'github-actions[bot]'^[[0m
speak	Persist first-launch evidence	2026-08-22T15:10:22.1084519Z ^[[36;1mgit config user.email '41898282+github-actions[bot]@users.noreply.github.com'^[[0m
speak	Persist first-launch evidence	2026-08-22T15:10:22.1085021Z ^[[36;1mgit add room/sara-live-loop-launch.json^[[0m
speak	Persist first-launch evidence	2026-08-22T15:10:22.1085359Z ^[[36;1mgit diff --cached --quiet && exit 0^[[0m
speak	Persist first-launch evidence	2026-08-22T15:10:22.1085735Z ^[[36;1mgit commit -m 'Record Sara autonomous live-loop launch'^[[0m
speak	Persist first-launch evidence	2026-08-22T15:10:22.1086102Z ^[[36;1mfor attempt in $(seq 1 12); do^[[0m
speak	Persist first-launch evidence	2026-08-22T15:10:22.1086497Z ^[[36;1m  git pull --rebase origin main && git push origin HEAD:main && exit 0^[[0m
speak	Persist first-launch evidence	2026-08-22T15:10:22.1086933Z ^[[36;1m  git rebase --abort >/dev/null 2>&1 || true^[[0m
speak	Persist first-launch evidence	2026-08-22T15:10:22.1087235Z ^[[36;1m  sleep 2^[[0m
speak	Persist first-launch evidence	2026-08-22T15:10:22.1087442Z ^[[36;1mdone^[[0m
speak	Persist first-launch evidence	2026-08-22T15:10:22.1087641Z ^[[36;1mexit 1^[[0m
speak	Persist first-launch evidence	2026-08-22T15:10:22.1124921Z shell: /usr/bin/bash -e {0}
speak	Persist first-launch evidence	2026-08-22T15:10:22.1125182Z env:
speak	Persist first-launch evidence	2026-08-22T15:10:22.1125503Z   ROOM_RELAY_URL: https://room-live-mirror.dfp6k69dw5.workers.dev
speak	Persist first-launch evidence	2026-08-22T15:10:22.1125890Z   ROOM_MODEL_URL: 
speak	Persist first-launch evidence	2026-08-22T15:10:22.1126102Z   ROOM_NODE_PROMPT: 
speak	Persist first-launch evidence	2026-08-22T15:10:22.1126324Z ##[endgroup]
speak	Post Run actions/checkout@v6	﻿2026-08-22T15:10:22.2231867Z Post job cleanup.
speak	Post Run actions/checkout@v6	2026-08-22T15:10:22.3081668Z [command]/usr/bin/git version
speak	Post Run actions/checkout@v6	2026-08-22T15:10:22.3125319Z git version 2.55.0
speak	Post Run actions/checkout@v6	2026-08-22T15:10:22.3171790Z Temporarily overriding HOME='/home/runner/work/_temp/22a0259a-f7da-46af-813d-ab2113699ceb' before making global git config changes
speak	Post Run actions/checkout@v6	2026-08-22T15:10:22.3173620Z Adding repository directory to the temporary git global config as a safe directory
speak	Post Run actions/checkout@v6	2026-08-22T15:10:22.3177558Z [command]/usr/bin/git config --global --add safe.directory /home/runner/work/me-/me-
speak	Post Run actions/checkout@v6	2026-08-22T15:10:22.3213804Z Removing SSH command configuration
speak	Post Run actions/checkout@v6	2026-08-22T15:10:22.3219843Z [command]/usr/bin/git config --local --name-only --get-regexp core\.sshCommand
speak	Post Run actions/checkout@v6	2026-08-22T15:10:22.3259012Z [command]/usr/bin/git submodule foreach --recursive sh -c "git config --local --name-only --get-regexp 'core\.sshCommand' && git config --local --unset-all 'core.sshCommand' || :"
speak	Post Run actions/checkout@v6	2026-08-22T15:10:22.3549536Z Removing HTTP extra header
speak	Post Run actions/checkout@v6	2026-08-22T15:10:22.3557275Z [command]/usr/bin/git config --local --name-only --get-regexp http\.https\:\/\/github\.com\/\.extraheader
speak	Post Run actions/checkout@v6	2026-08-22T15:10:22.3601698Z [command]/usr/bin/git submodule foreach --recursive sh -c "git config --local --name-only --get-regexp 'http\.https\:\/\/github\.com\/\.extraheader' && git config --local --unset-all 'http.https://github.com/.extraheader' || :"
speak	Post Run actions/checkout@v6	2026-08-22T15:10:22.3884381Z Removing includeIf entries pointing to credentials config files
speak	Post Run actions/checkout@v6	2026-08-22T15:10:22.3917015Z [command]/usr/bin/git config --local --name-only --get-regexp ^includeIf\.gitdir:
speak	Post Run actions/checkout@v6	2026-08-22T15:10:22.3963952Z includeif.gitdir:/home/runner/work/me-/me-/.git.path
speak	Post Run actions/checkout@v6	2026-08-22T15:10:22.3985030Z includeif.gitdir:/home/runner/work/me-/me-/.git/worktrees/*.path
speak	Post Run actions/checkout@v6	2026-08-22T15:10:22.3993471Z includeif.gitdir:/github/workspace/.git.path
speak	Post Run actions/checkout@v6	2026-08-22T15:10:22.3994553Z includeif.gitdir:/github/workspace/.git/worktrees/*.path
speak	Post Run actions/checkout@v6	2026-08-22T15:10:22.3997435Z [command]/usr/bin/git config --local --get-all includeif.gitdir:/home/runner/work/me-/me-/.git.path
speak	Post Run actions/checkout@v6	2026-08-22T15:10:22.4017194Z /home/runner/work/_temp/git-credentials-96908de5-6639-4fee-8af6-4be68c59ab26.config
speak	Post Run actions/checkout@v6	2026-08-22T15:10:22.4037841Z [command]/usr/bin/git config --local --unset includeif.gitdir:/home/runner/work/me-/me-/.git.path /home/runner/work/_temp/git-credentials-96908de5-6639-4fee-8af6-4be68c59ab26.config
speak	Post Run actions/checkout@v6	2026-08-22T15:10:22.4123809Z [command]/usr/bin/git config --local --get-all includeif.gitdir:/home/runner/work/me-/me-/.git/worktrees/*.path
speak	Post Run actions/checkout@v6	2026-08-22T15:10:22.4142896Z /home/runner/work/_temp/git-credentials-96908de5-6639-4fee-8af6-4be68c59ab26.config
speak	Post Run actions/checkout@v6	2026-08-22T15:10:22.4173333Z [command]/usr/bin/git config --local --unset includeif.gitdir:/home/runner/work/me-/me-/.git/worktrees/*.path /home/runner/work/_temp/git-credentials-96908de5-6639-4fee-8af6-4be68c59ab26.config
speak	Post Run actions/checkout@v6	2026-08-22T15:10:22.4209660Z [command]/usr/bin/git config --local --get-all includeif.gitdir:/github/workspace/.git.path
speak	Post Run actions/checkout@v6	2026-08-22T15:10:22.4240905Z /github/runner_temp/git-credentials-96908de5-6639-4fee-8af6-4be68c59ab26.config
speak	Post Run actions/checkout@v6	2026-08-22T15:10:22.4253457Z [command]/usr/bin/git config --local --unset includeif.gitdir:/github/workspace/.git.path /github/runner_temp/git-credentials-96908de5-6639-4fee-8af6-4be68c59ab26.config
speak	Post Run actions/checkout@v6	2026-08-22T15:10:22.4299089Z [command]/usr/bin/git config --local --get-all includeif.gitdir:/github/workspace/.git/worktrees/*.path
speak	Post Run actions/checkout@v6	2026-08-22T15:10:22.4330254Z /github/runner_temp/git-credentials-96908de5-6639-4fee-8af6-4be68c59ab26.config
speak	Post Run actions/checkout@v6	2026-08-22T15:10:22.4342825Z [command]/usr/bin/git config --local --unset includeif.gitdir:/github/workspace/.git/worktrees/*.path /github/runner_temp/git-credentials-96908de5-6639-4fee-8af6-4be68c59ab26.config
speak	Post Run actions/checkout@v6	2026-08-22T15:10:22.4390748Z [command]/usr/bin/git submodule foreach --recursive git config --local --show-origin --name-only --get-regexp remote.origin.url
speak	Post Run actions/checkout@v6	2026-08-22T15:10:22.4651992Z Removing credentials config '/home/runner/work/_temp/git-credentials-96908de5-6639-4fee-8af6-4be68c59ab26.config'
speak	Complete job	﻿2026-08-22T15:10:22.4817579Z Cleaning up orphan processes
